{"timestamp":"2026-03-16 13:22:29","level":"INFO","message":"Consulta exitosa: Lista total de activos generada.","context":[],"user":1,"ip":"::1"}
{"timestamp":"2026-03-16 13:22:29","level":"INFO","message":"Consulta exitosa: Lista total de activos generada.","context":[],"user":1,"ip":"::1"}
{"timestamp":"2026-03-16 13:22:32","level":"INFO","message":"Consulta exitosa: Lista total de activos generada.","context":[],"user":1,"ip":"::1"}
{"timestamp":"2026-03-16 13:22:32","level":"INFO","message":"Consulta exitosa: Lista total de activos generada.","context":[],"user":1,"ip":"::1"}
{"timestamp":"2026-03-16 13:56:38","level":"INFO","message":"Consulta exitosa: Lista total de activos generada.","context":[],"user":1,"ip":"::1"}
{"timestamp":"2026-03-16 13:56:54","level":"INFO","message":"Consulta exitosa: Lista total de activos generada.","context":[],"user":1,"ip":"::1"}
{"timestamp":"2026-03-16 13:56:54","level":"INFO","message":"Consulta exitosa: Lista total de activos generada.","context":[],"user":1,"ip":"::1"}
{"timestamp":"2026-03-16 13:57:04","level":"INFO","message":"Consulta exitosa: Lista total de activos generada.","context":[],"user":1,"ip":"::1"}
{"timestamp":"2026-03-16 13:59:15","level":"INFO","message":"Consulta exitosa: Lista total de activos generada.","context":[],"user":1,"ip":"::1"}
{"timestamp":"2026-03-16 13:59:42","level":"INFO","message":"Consulta exitosa: Lista total de activos generada.","context":[],"user":1,"ip":"::1"}
{"timestamp":"2026-03-16 13:59:45","level":"INFO","message":"Consulta exitosa: Lista total de activos generada.","context":[],"user":1,"ip":"::1"}
{"timestamp":"2026-03-16 14:03:25","level":"INFO","message":"Consulta exitosa: Lista total de activos generada.","context":[],"user":1,"ip":"::1"}
{"timestamp":"2026-03-16 14:04:19","level":"INFO","message":"Consulta exitosa: Lista total de activos generada.","context":[],"user":1,"ip":"::1"}
{"timestamp":"2026-03-16 14:04:30","level":"INFO","message":"Consulta exitosa: Lista total de activos generada.","context":[],"user":1,"ip":"::1"}
{"timestamp":"2026-03-16 14:05:12","level":"INFO","message":"Consulta exitosa: Lista total de activos generada.","context":[],"user":1,"ip":"::1"}
{"timestamp":"2026-03-16 14:05:13","level":"INFO","message":"Consulta exitosa: Lista total de activos generada.","context":[],"user":1,"ip":"::1"}
{"timestamp":"2026-03-16 14:05:19","level":"INFO","message":"Consulta exitosa: Lista total de activos generada.","context":[],"user":1,"ip":"::1"}
{"timestamp":"2026-03-16 14:05:19","level":"INFO","message":"Consulta exitosa: Lista total de activos generada.","context":[],"user":1,"ip":"::1"}
{"timestamp":"2026-03-16 14:11:56","level":"INFO","message":"Consulta exitosa: Lista total de activos generada.","context":[],"user":1,"ip":"::1"}
{"timestamp":"2026-03-16 14:12:07","level":"INFO","message":"Consulta exitosa: Lista total de activos generada.","context":[],"user":1,"ip":"::1"}
{"timestamp":"2026-03-16 14:12:07","level":"INFO","message":"Consulta exitosa: Lista total de activos generada.","context":[],"user":1,"ip":"::1"}
{"timestamp":"2026-03-16 14:12:17","level":"INFO","message":"Consulta exitosa: Lista total de activos generada.","context":[],"user":1,"ip":"::1"}
{"timestamp":"2026-03-16 14:18:19","level":"INFO","message":"Orden de Trabajo finalizada con datos de entrega t\u00e9cnica","context":{"id":"COR-20260313-001"},"user":1,"ip":"::1"}
{"timestamp":"2026-03-16 14:18:35","level":"INFO","message":"Consulta exitosa: Lista total de activos generada.","context":[],"user":1,"ip":"::1"}
{"timestamp":"2026-03-16 14:19:08","level":"INFO","message":"Consulta exitosa: Lista total de activos generada.","context":[],"user":1,"ip":"::1"}
{"timestamp":"2026-03-16 14:19:12","level":"INFO","message":"Consulta exitosa: Lista total de activos generada.","context":[],"user":1,"ip":"::1"}
{"timestamp":"2026-03-16 14:20:21","level":"INFO","message":"Consulta exitosa: Lista total de activos generada.","context":[],"user":1,"ip":"::1"}
{"timestamp":"2026-03-16 14:20:49","level":"INFO","message":"Consulta exitosa: Lista total de activos generada.","context":[],"user":1,"ip":"::1"}
{"timestamp":"2026-03-16 14:20:52","level":"INFO","message":"Consulta exitosa: Lista total de activos generada.","context":[],"user":1,"ip":"::1"}
{"timestamp":"2026-03-16 14:22:10","level":"INFO","message":"Consulta exitosa: Lista total de activos generada.","context":[],"user":1,"ip":"::1"}
{"timestamp":"2026-03-16 14:22:43","level":"INFO","message":"Consulta exitosa: Lista total de activos generada.","context":[],"user":1,"ip":"::1"}
{"timestamp":"2026-03-16 14:22:44","level":"INFO","message":"Consulta exitosa: Lista total de activos generada.","context":[],"user":1,"ip":"::1"}
{"timestamp":"2026-03-16 14:23:03","level":"INFO","message":"Consulta exitosa: Lista total de activos generada.","context":[],"user":1,"ip":"::1"}
{"timestamp":"2026-03-16 14:23:03","level":"INFO","message":"Consulta exitosa: Lista total de activos generada.","context":[],"user":1,"ip":"::1"}
{"timestamp":"2026-03-16 14:23:14","level":"INFO","message":"Consulta exitosa: Lista total de activos generada.","context":[],"user":1,"ip":"::1"}
{"timestamp":"2026-03-16 15:00:13","level":"INFO","message":"Consulta exitosa: Lista total de activos generada.","context":[],"user":1,"ip":"::1"}
{"timestamp":"2026-03-16 15:00:32","level":"INFO","message":"Consulta exitosa: Lista total de activos generada.","context":[],"user":1,"ip":"::1"}
{"timestamp":"2026-03-16 15:00:35","level":"INFO","message":"Consulta exitosa: Lista total de activos generada.","context":[],"user":1,"ip":"::1"}
{"timestamp":"2026-03-16 15:01:03","level":"INFO","message":"Consulta exitosa: Lista total de activos generada.","context":[],"user":1,"ip":"::1"}
{"timestamp":"2026-03-16 15:01:23","level":"INFO","message":"Consulta exitosa: Lista total de activos generada.","context":[],"user":1,"ip":"::1"}
{"timestamp":"2026-03-16 15:01:26","level":"INFO","message":"Consulta exitosa: Lista total de activos generada.","context":[],"user":1,"ip":"::1"}
{"timestamp":"2026-03-16 15:01:47","level":"INFO","message":"Consulta exitosa: Lista total de activos generada.","context":[],"user":1,"ip":"::1"}
{"timestamp":"2026-03-16 15:02:06","level":"INFO","message":"Consulta exitosa: Lista total de activos generada.","context":[],"user":1,"ip":"::1"}
{"timestamp":"2026-03-16 15:02:09","level":"INFO","message":"Consulta exitosa: Lista total de activos generada.","context":[],"user":1,"ip":"::1"}
{"timestamp":"2026-03-16 15:06:49","level":"INFO","message":"Consulta exitosa: Lista total de activos generada.","context":[],"user":1,"ip":"::1"}
{"timestamp":"2026-03-16 15:07:32","level":"INFO","message":"Consulta exitosa: Lista total de activos generada.","context":[],"user":1,"ip":"::1"}
{"timestamp":"2026-03-16 15:07:37","level":"INFO","message":"Consulta exitosa: Lista total de activos generada.","context":[],"user":1,"ip":"::1"}
{"timestamp":"2026-03-16 15:08:24","level":"INFO","message":"Consulta exitosa: Lista total de activos generada.","context":[],"user":1,"ip":"::1"}
{"timestamp":"2026-03-16 15:08:54","level":"INFO","message":"Consulta exitosa: Lista total de activos generada.","context":[],"user":1,"ip":"::1"}
{"timestamp":"2026-03-16 15:08:57","level":"INFO","message":"Consulta exitosa: Lista total de activos generada.","context":[],"user":1,"ip":"::1"}
{"timestamp":"2026-03-16 15:09:38","level":"INFO","message":"Consulta exitosa: Lista total de activos generada.","context":[],"user":1,"ip":"::1"}
{"timestamp":"2026-03-16 15:10:06","level":"INFO","message":"Consulta exitosa: Lista total de activos generada.","context":[],"user":1,"ip":"::1"}
{"timestamp":"2026-03-16 15:10:09","level":"INFO","message":"Consulta exitosa: Lista total de activos generada.","context":[],"user":1,"ip":"::1"}
{"timestamp":"2026-03-16 15:11:00","level":"INFO","message":"Consulta exitosa: Lista total de activos generada.","context":[],"user":1,"ip":"::1"}
{"timestamp":"2026-03-16 15:11:28","level":"INFO","message":"Consulta exitosa: Lista total de activos generada.","context":[],"user":1,"ip":"::1"}
{"timestamp":"2026-03-16 15:11:32","level":"INFO","message":"Consulta exitosa: Lista total de activos generada.","context":[],"user":1,"ip":"::1"}
{"timestamp":"2026-03-16 15:11:52","level":"INFO","message":"Consulta exitosa: Lista total de activos generada.","context":[],"user":1,"ip":"::1"}
{"timestamp":"2026-03-16 15:12:01","level":"INFO","message":"Consulta exitosa: Lista total de activos generada.","context":[],"user":1,"ip":"::1"}
{"timestamp":"2026-03-16 15:12:40","level":"INFO","message":"Consulta exitosa: Lista total de activos generada.","context":[],"user":1,"ip":"::1"}
{"timestamp":"2026-03-16 15:12:45","level":"INFO","message":"Consulta exitosa: Lista total de activos generada.","context":[],"user":1,"ip":"::1"}
{"timestamp":"2026-03-16 15:15:03","level":"INFO","message":"Consulta exitosa: Lista total de activos generada.","context":[],"user":1,"ip":"::1"}
{"timestamp":"2026-03-16 15:15:33","level":"INFO","message":"Consulta exitosa: Lista total de activos generada.","context":[],"user":1,"ip":"::1"}
{"timestamp":"2026-03-16 15:15:40","level":"INFO","message":"Consulta exitosa: Lista total de activos generada.","context":[],"user":1,"ip":"::1"}
{"timestamp":"2026-03-16 15:23:36","level":"INFO","message":"Consulta exitosa: Lista total de activos generada.","context":[],"user":1,"ip":"::1"}
{"timestamp":"2026-03-16 15:24:04","level":"INFO","message":"Consulta exitosa: Lista total de activos generada.","context":[],"user":1,"ip":"::1"}
{"timestamp":"2026-03-16 15:24:14","level":"INFO","message":"Consulta exitosa: Lista total de activos generada.","context":[],"user":1,"ip":"::1"}
{"timestamp":"2026-03-16 15:31:43","level":"INFO","message":"Consulta exitosa: Lista total de activos generada.","context":[],"user":1,"ip":"::1"}
{"timestamp":"2026-03-16 15:32:17","level":"INFO","message":"Consulta exitosa: Lista total de activos generada.","context":[],"user":1,"ip":"::1"}
{"timestamp":"2026-03-16 15:32:28","level":"INFO","message":"Consulta exitosa: Lista total de activos generada.","context":[],"user":1,"ip":"::1"}
{"timestamp":"2026-03-16 16:12:10","level":"INFO","message":"Orden de Trabajo finalizada con datos de entrega t\u00e9cnica","context":{"id":"COR-20260316-003"},"user":"anonymous","ip":"cli"}
{"timestamp":"2026-03-16 16:12:10","level":"INFO","message":"Orden de Trabajo finalizada con datos de entrega t\u00e9cnica","context":{"id":"PRE-20260316-002"},"user":"anonymous","ip":"cli"}
{"timestamp":"2026-03-16 16:24:23","level":"INFO","message":"Orden de Trabajo finalizada con datos de entrega t\u00e9cnica","context":{"id":"COR-20260316-004"},"user":"anonymous","ip":"cli"}
{"timestamp":"2026-03-16 16:24:23","level":"INFO","message":"Orden de Trabajo finalizada con datos de entrega t\u00e9cnica","context":{"id":"PRE-20260316-003"},"user":"anonymous","ip":"cli"}
{"timestamp":"2026-03-16 16:32:34","level":"INFO","message":"Consulta exitosa: Lista total de activos generada.","context":[],"user":1,"ip":"::1"}
{"timestamp":"2026-03-16 16:32:34","level":"INFO","message":"Consulta exitosa: Lista total de activos generada.","context":[],"user":1,"ip":"::1"}
{"timestamp":"2026-03-16 16:32:35","level":"INFO","message":"Consulta exitosa: Lista total de activos generada.","context":[],"user":1,"ip":"::1"}
{"timestamp":"2026-03-16 16:32:37","level":"INFO","message":"Consulta exitosa: Lista total de activos generada.","context":[],"user":1,"ip":"::1"}
{"timestamp":"2026-03-16 16:32:39","level":"INFO","message":"Consulta exitosa: Lista total de activos generada.","context":[],"user":1,"ip":"::1"}
{"timestamp":"2026-03-16 16:41:59","level":"INFO","message":"Orden de Trabajo finalizada con datos de entrega t\u00e9cnica","context":{"id":"OT-CORR-UNIFY"},"user":"anonymous","ip":"cli"}
{"timestamp":"2026-03-16 16:42:23","level":"INFO","message":"Orden de Trabajo finalizada con datos de entrega t\u00e9cnica","context":{"id":"OT-CORR-UNIFY"},"user":"anonymous","ip":"cli"}
{"timestamp":"2026-03-16 16:57:20","level":"INFO","message":"Consulta exitosa: Lista total de activos generada.","context":[],"user":1,"ip":"::1"}
{"timestamp":"2026-03-16 16:57:20","level":"INFO","message":"Consulta exitosa: Lista total de activos generada.","context":[],"user":1,"ip":"::1"}
{"timestamp":"2026-03-16 16:57:32","level":"INFO","message":"Consulta exitosa: Lista total de activos generada.","context":[],"user":1,"ip":"::1"}
{"timestamp":"2026-03-16 16:57:32","level":"INFO","message":"Consulta exitosa: Lista total de activos generada.","context":[],"user":1,"ip":"::1"}
{"timestamp":"2026-03-16 16:57:34","level":"INFO","message":"Consulta exitosa: Lista total de activos generada.","context":[],"user":1,"ip":"::1"}
{"timestamp":"2026-03-16 16:57:34","level":"INFO","message":"Consulta exitosa: Lista total de activos generada.","context":[],"user":1,"ip":"::1"}
{"timestamp":"2026-03-16 16:57:48","level":"INFO","message":"Consulta exitosa: Lista total de activos generada.","context":[],"user":1,"ip":"::1"}
{"timestamp":"2026-03-16 16:57:52","level":"INFO","message":"Consulta exitosa: Lista total de activos generada.","context":[],"user":1,"ip":"::1"}
{"timestamp":"2026-03-16 16:57:52","level":"INFO","message":"Consulta exitosa: Lista total de activos generada.","context":[],"user":1,"ip":"::1"}
{"timestamp":"2026-03-16 16:57:54","level":"INFO","message":"Consulta exitosa: Lista total de activos generada.","context":[],"user":1,"ip":"::1"}
{"timestamp":"2026-03-16 16:57:54","level":"INFO","message":"Consulta exitosa: Lista total de activos generada.","context":[],"user":1,"ip":"::1"}
{"timestamp":"2026-03-16 16:57:56","level":"INFO","message":"Consulta exitosa: Lista total de activos generada.","context":[],"user":1,"ip":"::1"}
{"timestamp":"2026-03-16 16:57:56","level":"INFO","message":"Consulta exitosa: Lista total de activos generada.","context":[],"user":1,"ip":"::1"}
{"timestamp":"2026-03-16 16:57:58","level":"INFO","message":"Consulta exitosa: Lista total de activos generada.","context":[],"user":1,"ip":"::1"}
{"timestamp":"2026-03-16 16:57:58","level":"INFO","message":"Consulta exitosa: Lista total de activos generada.","context":[],"user":1,"ip":"::1"}
{"timestamp":"2026-03-16 16:57:58","level":"INFO","message":"Consulta exitosa: Lista total de activos generada.","context":[],"user":1,"ip":"::1"}
{"timestamp":"2026-03-16 16:57:58","level":"INFO","message":"Consulta exitosa: Lista total de activos generada.","context":[],"user":1,"ip":"::1"}
{"timestamp":"2026-03-16 16:58:01","level":"INFO","message":"Consulta exitosa: Lista total de activos generada.","context":[],"user":1,"ip":"::1"}
{"timestamp":"2026-03-16 16:58:01","level":"INFO","message":"Consulta exitosa: Lista total de activos generada.","context":[],"user":1,"ip":"::1"}
{"timestamp":"2026-03-16 17:01:12","level":"INFO","message":"Consulta exitosa: Lista total de activos generada.","context":[],"user":1,"ip":"::1"}
{"timestamp":"2026-03-16 17:01:12","level":"INFO","message":"Consulta exitosa: Lista total de activos generada.","context":[],"user":1,"ip":"::1"}
{"timestamp":"2026-03-16 17:01:14","level":"INFO","message":"Consulta exitosa: Lista total de activos generada.","context":[],"user":1,"ip":"::1"}
{"timestamp":"2026-03-16 17:01:15","level":"INFO","message":"Consulta exitosa: Lista total de activos generada.","context":[],"user":1,"ip":"::1"}
{"timestamp":"2026-03-16 17:01:21","level":"INFO","message":"Consulta exitosa: Lista total de activos generada.","context":[],"user":1,"ip":"::1"}
{"timestamp":"2026-03-16 17:01:27","level":"INFO","message":"Consulta exitosa: Lista total de activos generada.","context":[],"user":1,"ip":"::1"}
{"timestamp":"2026-03-16 17:01:59","level":"INFO","message":"Consulta exitosa: Lista total de activos generada.","context":[],"user":1,"ip":"::1"}
{"timestamp":"2026-03-16 17:01:59","level":"INFO","message":"Consulta exitosa: Lista total de activos generada.","context":[],"user":1,"ip":"::1"}
{"timestamp":"2026-03-16 17:02:00","level":"INFO","message":"Consulta exitosa: Lista total de activos generada.","context":[],"user":1,"ip":"::1"}
{"timestamp":"2026-03-16 17:02:01","level":"INFO","message":"Consulta exitosa: Lista total de activos generada.","context":[],"user":1,"ip":"::1"}
{"timestamp":"2026-03-16 17:21:55","level":"INFO","message":"Consulta exitosa: Lista total de activos generada.","context":[],"user":1,"ip":"::1"}
{"timestamp":"2026-03-16 17:21:59","level":"INFO","message":"Consulta exitosa: Lista total de activos generada.","context":[],"user":1,"ip":"::1"}
{"timestamp":"2026-03-16 17:21:59","level":"INFO","message":"Consulta exitosa: Lista total de activos generada.","context":[],"user":1,"ip":"::1"}
{"timestamp":"2026-03-16 17:22:01","level":"INFO","message":"Consulta exitosa: Lista total de activos generada.","context":[],"user":1,"ip":"::1"}
{"timestamp":"2026-03-16 17:22:01","level":"INFO","message":"Consulta exitosa: Lista total de activos generada.","context":[],"user":1,"ip":"::1"}
{"timestamp":"2026-03-16 17:34:49","level":"INFO","message":"Consulta exitosa: Lista total de activos generada.","context":[],"user":1,"ip":"::1"}
{"timestamp":"2026-03-16 17:34:49","level":"INFO","message":"Consulta exitosa: Lista total de activos generada.","context":[],"user":1,"ip":"::1"}
{"timestamp":"2026-03-16 17:34:52","level":"INFO","message":"Consulta exitosa: Lista total de activos generada.","context":[],"user":1,"ip":"::1"}
{"timestamp":"2026-03-16 17:34:52","level":"INFO","message":"Consulta exitosa: Lista total de activos generada.","context":[],"user":1,"ip":"::1"}
{"timestamp":"2026-03-16 17:39:44","level":"INFO","message":"Consulta exitosa: Lista total de activos generada.","context":[],"user":1,"ip":"::1"}
{"timestamp":"2026-03-16 17:39:44","level":"INFO","message":"Consulta exitosa: Lista total de activos generada.","context":[],"user":1,"ip":"::1"}
{"timestamp":"2026-03-16 17:39:46","level":"INFO","message":"Consulta exitosa: Lista total de activos generada.","context":[],"user":1,"ip":"::1"}
{"timestamp":"2026-03-16 17:39:46","level":"INFO","message":"Consulta exitosa: Lista total de activos generada.","context":[],"user":1,"ip":"::1"}
{"timestamp":"2026-03-16 17:39:47","level":"INFO","message":"Consulta exitosa: Lista total de activos generada.","context":[],"user":1,"ip":"::1"}
{"timestamp":"2026-03-16 17:39:47","level":"INFO","message":"Consulta exitosa: Lista total de activos generada.","context":[],"user":1,"ip":"::1"}
{"timestamp":"2026-03-16 17:39:47","level":"INFO","message":"Consulta exitosa: Lista total de activos generada.","context":[],"user":1,"ip":"::1"}
{"timestamp":"2026-03-16 17:39:49","level":"INFO","message":"Consulta exitosa: Lista total de activos generada.","context":[],"user":1,"ip":"::1"}
{"timestamp":"2026-03-16 17:39:49","level":"INFO","message":"Consulta exitosa: Lista total de activos generada.","context":[],"user":1,"ip":"::1"}
{"timestamp":"2026-03-16 17:39:51","level":"INFO","message":"Consulta exitosa: Lista total de activos generada.","context":[],"user":1,"ip":"::1"}
{"timestamp":"2026-03-16 17:46:27","level":"INFO","message":"Consulta exitosa: Lista total de activos generada.","context":[],"user":1,"ip":"::1"}
{"timestamp":"2026-03-16 17:46:27","level":"INFO","message":"Consulta exitosa: Lista total de activos generada.","context":[],"user":1,"ip":"::1"}
{"timestamp":"2026-03-16 17:46:29","level":"INFO","message":"Consulta exitosa: Lista total de activos generada.","context":[],"user":1,"ip":"::1"}
{"timestamp":"2026-03-16 17:46:29","level":"INFO","message":"Consulta exitosa: Lista total de activos generada.","context":[],"user":1,"ip":"::1"}
{"timestamp":"2026-03-16 17:46:29","level":"INFO","message":"Consulta exitosa: Lista total de activos generada.","context":[],"user":1,"ip":"::1"}
{"timestamp":"2026-03-16 17:46:29","level":"INFO","message":"Consulta exitosa: Lista total de activos generada.","context":[],"user":1,"ip":"::1"}
{"timestamp":"2026-03-16 17:46:31","level":"INFO","message":"Consulta exitosa: Lista total de activos generada.","context":[],"user":1,"ip":"::1"}
{"timestamp":"2026-03-16 17:46:31","level":"INFO","message":"Consulta exitosa: Lista total de activos generada.","context":[],"user":1,"ip":"::1"}
